baselines for 5 modules
  body: 501/501
  costume: 80/80
  crowd: 67/67
  animation: 467/467
  navigation: 86/86

100 mutants at x1.25, 3 at a time

  [  1/100] body.BEND_TOP -> GUARDED
  [  2/100] body.FIGURE_DEPTH_M -> UNGUARDED
  [  3/100] body.FIGURE_WIDTH_M -> UNGUARDED
  [  4/100] body.FOV_DEG -> GUARDED
  [  5/100] body.FRAME_TRIANGLES -> UNGUARDED
  [  6/100] body.HEAD_RINGS -> UNGUARDED
  [  7/100] body.HUMAN_STATURE_M -> UNGUARDED
  [  8/100] body.IMPOSTOR_VIEWS -> UNGUARDED
  [  9/100] body.LIMB_RINGS -> UNGUARDED
  [ 10/100] body.NPC_FRAME_SHARE -> UNGUARDED
  [ 11/100] body.PIXEL_BUDGET -> GUARDED
  [ 12/100] body.SCREEN_H -> GUARDED
  [ 13/100] body.SCREEN_W -> UNGUARDED
  [ 14/100] body.SHADING_SAMPLE_PX -> GUARDED
  [ 15/100] body.STATION_POPULATION -> GUARDED
  [ 16/100] body.SUBPIXEL_FIGURE_M -> UNGUARDED
  [ 17/100] body.VORLON_SINGLETON -> GUARDED
  [ 18/100] costume.ALBEDO_CEIL -> UNGUARDED
  [ 19/100] costume.ALBEDO_FLOOR -> GUARDED
  [ 20/100] costume.DECAL_LEGIBLE_PX -> UNGUARDED
  [ 21/100] costume.MIP_FACTOR -> UNGUARDED
  [ 22/100] costume.NARN_SKIN_ANCHOR -> UNGUARDED
  [ 23/100] costume.NIGHTWATCH_CIVILIAN_INFORMER_RATE -> UNGUARDED
  [ 24/100] costume.NIGHTWATCH_CIVILIAN_VISIBLE_FRACTION -> UNGUARDED
  [ 25/100] costume.NIGHTWATCH_SECURITY_RATE -> GUARDED
  [ 26/100] costume.PAKMARA_COWL_ANCHOR -> UNGUARDED
  [ 27/100] costume.PLASTRON_HALF_WIDTH -> UNGUARDED
  [ 28/100] costume.PSI_ABOARD -> UNGUARDED
  [ 29/100] costume.RANGERS_ABOARD -> UNGUARDED
  [ 30/100] costume.ROBE_ANCHOR -> UNGUARDED
  [ 31/100] costume.SKIN_ANCHOR -> GUARDED
  [ 32/100] costume.YOKE_TOP_FRACTION -> UNGUARDED
  [ 33/100] crowd.ASPECT -> GUARDED
  [ 34/100] crowd.BAY_2S_M2 -> UNGUARDED
  [ 35/100] crowd.BAY_M2 -> UNGUARDED
  [ 36/100] crowd.CROWD_AGENT_CAP -> GUARDED
  [ 37/100] crowd.CROWD_LOD_OFFSET -> UNGUARDED
  [ 38/100] crowd.CROWD_OCCLUSION_N -> UNGUARDED
