  hull_exterior.tres
    (hull_window.gdshader)
  habitat_windows.tres
  structural_truss.tres
  radiator.tres
  cargo_module.tres
  swept_array.tres
  dome_glazing.tres
  dome_structure.tres
  hull_banding_red.tres
  hazard_chevron.tres
  marker_light_white.tres
  marker_light_red.tres
  greeble_fitting.tres
  bay_frame.tres
  bay_well.tres
  kit_wall_plate.tres
  kit_pilaster.tres
  kit_rail_band.tres
  kit_reveal.tres
  kit_soffit.tres
  kit_skirt.tres
  kit_deck.tres
  kit_deck_plate.tres
  light_deck_channel.tres
  light_pilaster_strip.tres
  light_portal_head.tres
  light_downlight.tres
  light_house_cove.tres
  light_arrival_strip.tres
  light_alien_lattice.tres
  light_vorlon_frost.tres
  light_deck_grating.tres
  light_service_tube.tres
  light_platform_pool.tres
  light_dais_key.tres
  light_wall_course.tres
  light_ceiling_batten.tres
  light_indicator_red.tres
  light_market_pool.tres
  light_strip_warm.tres
  accent_warning.tres
  emissive_signage.tres
  sign_lit_field.tres
  sign_text_lit.tres
  signage_panel.tres
  ground_arable.tres
  ground_arable_0.tres
  ground_arable_1.tres
  ground_arable_2.tres
  ground_arable_3.tres
  ground_hedge.tres
  ground_parkland.tres
  ground_settlement.tres
  ground_shore.tres
  ground_road.tres
  ground_water.tres
  drum_structure.tres
  endcap_plate.tres
  endcap_checker.tres
  endcap_course_wall.tres
  endcap_rib.tres
  endcap_rimlight.tres
  truss_steel.tres
  truss_lamp.tres
  core_tube.tres
  core_collar.tres
  core_band.tres
  core_band_warm.tres
  core_structure.tres
  core_hub_lamp.tres
  tram_body.tres
  tram_band.tres
  tram_glass.tres
  tram_headlight.tres
  tram_saloon_wall.tres
  tram_saloon_seat.tres
  tram_saloon_floor.tres
  tram_saloon_post.tres
  tram_saloon_strip.tres
  unbound.tres
  device_console_bed.tres
  device_screen_glass.tres
  device_reader_shell.tres
  sign_neon_venue.tres
  sign_deck_plaque.tres
  npc_skin.tres
  npc_suit_lacquer.tres
  npc_impostor.tres
  npc_hair.tres
  npc_cloth__centauri_brocade.tres
  npc_cloth__civ_collar_yoke.tres
  npc_cloth__civ_cool_dark.tres
  npc_cloth__civ_dark_warm.tres
  npc_cloth__civ_light_shirt.tres
  npc_cloth__civ_lurker.tres
  npc_cloth__civ_mid_warm.tres
  npc_cloth__civ_worker_drab.tres
  npc_cloth__ef_command_wool.tres
  npc_cloth__ef_coverall.tres
  npc_cloth__ef_security_twill.tres
  npc_cloth__league_bone.tres
  npc_cloth__league_dark.tres
  npc_cloth__minbari_black.tres
  npc_cloth__minbari_cream.tres
  npc_cloth__minbari_worker.tres
  npc_cloth__monastic_habit.tres
  npc_cloth__narn_salvage.tres
  npc_cloth__narn_suede.tres
  npc_cloth__psi_grey.tres
  npc_cloth__psi_ochre.tres
  npc_cloth__psi_olive.tres
  npc_cloth__ranger_tabard.tres
  npc_cloth_trim__centauri_stole.tres
  npc_cloth_trim__civ_collar_yoke.tres
  npc_cloth_trim__civ_cool_dark.tres
  npc_cloth_trim__civ_light_shirt.tres
  npc_cloth_trim__civ_lurker.tres
  npc_cloth_trim__civ_worker_drab.tres
  npc_cloth_trim__ef_black_leather.tres
  npc_cloth_trim__ef_command_leather.tres
  npc_cloth_trim__league_dark.tres
  npc_cloth_trim__league_stole.tres
  npc_cloth_trim__minbari_black.tres
  npc_cloth_trim__minbari_cream.tres
  npc_cloth_trim__monastic_habit.tres
  npc_cloth_trim__narn_apron.tres
  npc_cloth_trim__narn_iridescent.tres
  npc_cloth_trim__narn_salvage.tres
  npc_cloth_trim__nightwatch_black.tres
  npc_cloth_trim__psi_black_panel.tres
  npc_cloth_trim__ranger_black.tres
  npc_leather__civ_boot.tres
  npc_leather__ef_black_leather.tres
  npc_leather__ef_command_leather.tres
  npc_leather__minbari_black.tres
  npc_leather__narn_apron.tres
  npc_leather__psi_black_panel.tres
  npc_leather__ranger_black.tres
  npc_metal__ef_gold.tres
  npc_metal__league_cord.tres
  npc_metal__narn_yoke.tres
  npc_metal__psi_chrome.tres
  npc_metal__ranger_gold.tres
  plant_valve_metal.tres
  plant_switchgear.tres
  shell_wall_panel.tres
  shell_wall_clinical.tres
  shell_wall_industrial.tres
  shell_deck_public.tres
  shell_deck_clinical.tres
  shell_deck_industrial.tres
  shell_deck_stone.tres
  shell_rib_painted.tres
  shell_rib_oxide.tres
  steel_gantry_oxide.tres
  clad_services.tres
  steel_furnace_scorched.tres
  steel_catwalk_tread.tres
  door_leaf_painted.tres
  door_blast_plate.tres
  door_scrap_welded.tres
  container_skin.tres
  viewport_glazing.tres
  grab_rail_bare.tres
  edge_chevron_nosing.tres
  furn_casework.tres
  furn_pale_composite.tres
  furn_dark_stone.tres
  furn_upholstery.tres
  furn_service_steel.tres
  furn_shop_steel.tres
  furn_clinical.tres
  furn_stall_frame.tres
  furn_stall_canvas.tres
  furn_gaming_baize.tres
  furn_worship_stone.tres
  furn_screen_panel.tres
  furn_shrine_lit.tres
  furn_paving.tres
  zoc_wall_plate.tres
  zoc_deck_tile.tres
  zoc_deck_worn.tres
  zoc_deck_chevron.tres
  zoc_deck_light.tres
  zoc_structure.tres
  zoc_rib_lamp.tres
  zoc_gallery_slab.tres
  zoc_rail.tres
  zoc_stair.tres
  zoc_screen.tres
  zoc_neon_face.tres
  zoc_neon_back.tres
  zoc_cafe_table.tres
  zoc_table_edge.tres
  zoc_five_panel.tres
  zoc_armature.tres
  zoc_chair_seat.tres
  zoc_service_chrome.tres
  zoc_stall_canvas.tres
  zoc_stall_post.tres
  zoc_stall_counter.tres
  zoc_stall_light.tres
  zoc_stall_sign.tres
  sign_mount_dark.tres
  garden_civic_render.tres
  garden_loggia_recess.tres
  garden_glass.tres
  garden_bronze_joinery.tres
  garden_terracotta.tres
  garden_flagstone.tres
  garden_coping_stone.tres
  garden_pool_water.tres
  garden_falling_water.tres
  garden_mown_grass.tres
  garden_foliage.tres
  garden_bark.tres
  garden_bank_planting.tres
  garden_pennant.tres
  garden_mast.tres
  garden_town_block.tres
  garden_town_window.tres
  bay_deck_marking.tres
  bay_deck_emblem.tres
  bay_floodlight.tres
  light_command_strip.tres
  council_lit_mesh.tres
  council_speak_inlay.tres
  council_floor_mid.tres
  council_floor_dark.tres
  light_ceiling_grid.tres
  bar_pendant_shade.tres
  bar_pendant_stem.tres
  bar_pendant_lamp.tres
  bar_cell_matrix.tres
  bar_dartboard.tres
  alien_status_lamp_dark.tres
  alien_status_lamp.tres
  textures/hull_plate_albedo.png
  textures/hull_plate_normal.png
  textures/hull_plate_orm.png
  textures/wall_plate_albedo.png
  textures/wall_plate_normal.png
  textures/wall_plate_orm.png
  textures/deck_stud_albedo.png
  textures/deck_stud_normal.png
  textures/deck_stud_orm.png
  textures/deck_plate_albedo.png
  textures/deck_plate_normal.png
  textures/deck_plate_orm.png
  textures/truss_steel_albedo.png
  textures/truss_steel_normal.png
  textures/truss_steel_orm.png
  textures/hazard_chevron_albedo.png
  textures/hazard_chevron_normal.png
  textures/hazard_chevron_orm.png
  textures/signage_panel_albedo.png
  textures/signage_panel_normal.png
  textures/signage_panel_orm.png
  textures/hull_window_albedo.png
  textures/hull_window_normal.png
  textures/hull_window_orm.png
  textures/hull_window_emission.png
  textures/cloth_weave_albedo.png
  textures/cloth_weave_normal.png
  textures/cloth_weave_orm.png
  textures/skin_albedo.png
  textures/skin_normal.png
  textures/skin_orm.png
  textures/paint_chip_albedo.png
  textures/paint_chip_normal.png
  textures/paint_chip_orm.png
  textures/composite_matte_albedo.png
  textures/composite_matte_normal.png
  textures/composite_matte_orm.png
  textures/metal_grain_albedo.png
  textures/metal_grain_normal.png
  textures/metal_grain_orm.png
  textures/stone_agg_albedo.png
  textures/stone_agg_normal.png
  textures/stone_agg_orm.png
  textures/soil_clod_albedo.png
  textures/soil_clod_normal.png
  textures/soil_clod_orm.png
  textures/mesh_perf_albedo.png
  textures/mesh_perf_normal.png
  textures/mesh_perf_orm.png
  material_rules.gen.txt
  exterior.tscn  60 rules
  drum.tscn  124 rules
  interior.tscn  560 rules

texture memory
  16 trim sheets, 49 maps
  BC1/BC5 + mips       97.3 MB    3.17% of the 3072 MB texture budget
  measured import     38.67 MB   (sum of .godot/imported/*.s3tc.ctex)
  uncompressed        442.0 MB   (what Godot's DEFAULT import setting costs -- compress/mode=0)
  of 12 GB VRAM        0.79%

materials per scene (a material is a draw-call floor)
  exterior   15 materials   budget  64 draw calls    23.4%
  drum       53 materials   budget  96 draw calls    55.2%
  interior  171 materials   budget  64 draw calls   267.2%
