blue/0/0 z=7120  open=6 max|dx|=0.07  unopened=[]  ['bay_elevators', 'docking_bays', 'lowg_bays', 'mooring_clamps', 'plantroom_bay', 'vorlon_berth']
blue/0/0 z=7960  open=4 max|dx|=0.00  unopened=[]  ['cnc', 'nav_beacon', 'obs_dome_1', 'obs_dome_2']
blue/0/0 z=7440  open=3 max|dx|=0.40  unopened=[]  ['arrival_concourse', 'customs_north', 'customs_south']
blue/0/0 z=7920  open=5 max|dx|=0.08  unopened=[]  ['cnc', 'comms_grid', 'obs_dome_1', 'obs_dome_2', 'proximity_arrays']
blue/0/0 z=6880  open=1 max|dx|=0.00  unopened=[]  ['cobra_bays']
blue/0/0 z=8000  open=4 max|dx|=0.00  unopened=[]  ['cnc', 'nav_beacon', 'obs_dome_1', 'obs_dome_2']
blue/0/2 z=7600  open=1 max|dx|=0.00  unopened=[]  ['qtr_command']
blue/0/2 z=7240  open=1 max|dx|=0.00  unopened=[]  ['mooring_gallery']
blue/0/4 z=7600  open=1 max|dx|=0.00  unopened=[]  ['qtr_personnel']
blue/0/1 z=7280  open=3 max|dx|=0.00  unopened=[]  ['infirmary', 'isolab', 'medlab_one']
blue/0/1 z=7240  open=1 max|dx|=0.00  unopened=[]  ['eva_lock_blue']
blue/0/3 z=7680  open=1 max|dx|=0.00  unopened=[]  ['mess_hall']
red/0/0 z=6600  open=5 max|dx|=0.25  unopened=[]  ['bar_unnamed', 'central_corridor', 'eclipse_cafe', 'shops_kiosks', 'zocalo']
red/0/0 z=6640  open=5 max|dx|=0.25  unopened=[]  ['bar_unnamed', 'central_corridor', 'eclipse_cafe', 'shops_kiosks', 'zocalo']
red/1/0 z=6600  open=1 max|dx|=0.00  unopened=[]  ['business_center']
red/1/2 z=6600  open=1 max|dx|=0.00  unopened=[]  ['dark_star']
red/1/1 z=6600  open=1 max|dx|=0.00  unopened=[]  ['casino']
red/2/0 z=6600  open=2 max|dx|=0.00  unopened=[]  ['law_courts', 'security_central']
red/2/1 z=6600  open=1 max|dx|=0.00  unopened=[]  ['brig']
red/1/6 z=6640  open=1 max|dx|=0.00  unopened=[]  ['qtr_civilian']
red/1/9 z=6640  open=1 max|dx|=0.00  unopened=[]  ['qtr_transient']
green/0/0 z=4080  open=3 max|dx|=0.00  unopened=[]  ['conference_5', 'conference_rooms', 'council_chamber']
green/0/0 z=4200  open=2 max|dx|=0.00  unopened=[]  ['domed_rotunda', 'obs_rotundas']
green/0/1 z=4080  open=2 max|dx|=0.00  unopened=[]  ['ambassadorial_suites', 'league_delegations']
green/0/3 z=4400  open=3 max|dx|=0.19  unopened=[]  ['alien_sector', 'kosh_quarters', 'markab_quarter']
green/1/0 z=5000  RAISED green ring 1 is not a ring deck: the habitat drum -- the Gar
green/1/0 z=5200  RAISED green ring 1 is not a ring deck: the habitat drum -- the Gar
green/1/0 z=5120  RAISED green ring 1 is not a ring deck: the habitat drum -- the Gar
green/1/0 z=4880  RAISED green ring 1 is not a ring deck: the habitat drum -- the Gar
green/1/0 z=4800  RAISED green ring 1 is not a ring deck: the habitat drum -- the Gar
green/1/0 z=4000  RAISED green ring 1 is not a ring deck: the habitat drum -- the Gar
green/0/5 z=4320  open=2 max|dx|=0.23  unopened=[]  ['interfaith_chapel', 'sanctuaries']
green/0/5 z=5400  open=1 max|dx|=0.00  unopened=[]  ['cargo_transfer_deck']
green/0/5 z=4600  open=1 max|dx|=0.00  unopened=[]  ['hydroponics']
grey/0/0 z=3600  open=2 max|dx|=0.11  unopened=[]  ['downbelow', 'plant_zone']
yellow/0/0 z=400  open=1 max|dx|=0.00  unopened=[]  ['fusion_core']
yellow/0/0 z=240  open=1 max|dx|=0.00  unopened=[]  ['reactor_hall']
yellow/0/0 z=2680  open=1 max|dx|=0.00  unopened=[]  ['disconnect_point']
yellow/0/0 z=920  open=1 max|dx|=0.00  unopened=[]  ['power_transfer']
blue/1/0 z=7920  open=1 max|dx|=0.00  unopened=[]  ['war_room']
blue/1/1 z=7920  open=1 max|dx|=0.00  unopened=[]  ['admin_complex']
blue/1/3 z=7000  open=1 max|dx|=0.00  unopened=[]  ['cargo_bays']
blue/1/2 z=7240  open=2 max|dx|=0.00  unopened=[]  ['post_office', 'quartermaster']
blue/0/8 z=7000  open=1 max|dx|=0.00  unopened=[]  ['fuel_stores']
blue/0/6 z=7280  open=1 max|dx|=0.00  unopened=[]  ['morgue']
blue/0/7 z=7280  open=1 max|dx|=0.00  unopened=[]  ['cryo_storage']
blue/1/5 z=7520  open=1 max|dx|=0.00  unopened=[]  ['sanctuary_blue']
red/1/3 z=6600  open=1 max|dx|=0.00  unopened=[]  ['ceremonial_rooms']
red/3/0 z=6600  open=1 max|dx|=0.00  unopened=[]  ['water_storage']
red/3/4 z=6600  open=1 max|dx|=0.00  unopened=[]  ['waste_red']
red/1/4 z=6600  open=1 max|dx|=0.00  unopened=[]  ['medlab_red']
red/1/5 z=6640  open=1 max|dx|=0.00  unopened=[]  ['outdoor_rec']
green/0/2 z=4880  open=2 max|dx|=0.00  unopened=[]  ['drum_office', 'telepath_office']
green/0/2 z=4080  open=1 max|dx|=0.00  unopened=[]  ['earthforce_office']
green/0/2 z=4320  open=1 max|dx|=0.00  unopened=[]  ['medlab_green']
green/0/7 z=5000  open=1 max|dx|=0.00  unopened=[]  ['subfloor_stack']
green/0/4 z=4480  open=1 max|dx|=0.00  unopened=[]  ['alien_resident_qtr']
green/0/4 z=4400  open=1 max|dx|=0.00  unopened=[]  ['alien_worship']
green/0/8 z=4600  open=1 max|dx|=0.00  unopened=[]  ['waste_green']
green/0/6 z=4720  open=1 max|dx|=0.00  unopened=[]  ['transfer_systems']
green/0/6 z=4400  open=1 max|dx|=0.00  unopened=[]  ['ngrath']
grey/0/40 z=3600  open=1 max|dx|=0.00  unopened=[]  ['alpha_substation']
grey/0/42 z=3600  open=1 max|dx|=0.00  unopened=[]  ['primary_breaker']
grey/0/50 z=3600  open=1 max|dx|=0.00  unopened=[]  ['fabrication']
grey/0/55 z=3600  open=1 max|dx|=0.00  unopened=[]  ['maintenance']
grey/0/60 z=3600  open=1 max|dx|=0.00  unopened=[]  ['research_labs']
grey/0/65 z=3600  open=1 max|dx|=0.00  unopened=[]  ['gravity_torus']
grey/0/70 z=3600  open=1 max|dx|=0.00  unopened=[]  ['zerog_maint']
grey/0/30 z=3600  open=1 max|dx|=0.00  unopened=[]  ['atmos_monitor']
grey/0/75 z=3600  open=1 max|dx|=0.00  unopened=[]  ['raw_material']
grey/0/80 z=3600  open=1 max|dx|=0.00  unopened=[]  ['micro_g_bays']
grey/0/20 z=3600  open=1 max|dx|=0.00  unopened=[]  ['downbelow_arch']
grey/0/22 z=3600  open=1 max|dx|=0.00  unopened=[]  ['black_market']
grey/0/24 z=3600  open=1 max|dx|=0.00  unopened=[]  ['thieves_guild']
grey/0/26 z=3600  open=1 max|dx|=0.00  unopened=[]  ['welded_shut']
grey/0/5 z=3600  open=1 max|dx|=0.00  unopened=[]  ['water_reclamation']
grey/0/8 z=3600  open=1 max|dx|=0.00  unopened=[]  ['waste_control']
grey/0/10 z=3600  open=1 max|dx|=0.00  unopened=[]  ['air_compressors']
yellow/0/2 z=3240  open=1 max|dx|=0.00  unopened=[]  ['mainstage_node']
yellow/0/2 z=160  open=1 max|dx|=0.00  unopened=[]  ['fuel_bunkerage']
yellow/0/4 z=2320  open=1 max|dx|=0.00  unopened=[]  ['heat_exchanger_hall']
yellow/0/4 z=2200  open=1 max|dx|=0.00  unopened=[]  ['spinal_cargo']
yellow/0/6 z=1400  open=1 max|dx|=0.00  unopened=[]  ['hazard_tanks']
yellow/0/8 z=3280  open=1 max|dx|=0.00  unopened=[]  ['rotation_drivers']
yellow/0/30 z=5720  open=2 max|dx|=0.01  unopened=[]  ['core_shuttle', 'shuttle_car']
grey/0/18 z=3600  open=1 max|dx|=0.00  unopened=[]  ['happy_daze']
red/2/2 z=6600  open=1 max|dx|=0.00  unopened=[]  ['security_posts']
red/2/3 z=6600  open=1 max|dx|=0.00  unopened=[]  ['nightwatch']
red/2/4 z=6600  open=1 max|dx|=0.00  unopened=[]  ['minipax']
blue/0/5 z=7520  open=1 max|dx|=0.00  unopened=[]  ['lifts']
blue/0/9 z=7520  open=1 max|dx|=0.00  unopened=[]  ['standard_corridor']
red/1/7 z=6600  open=1 max|dx|=0.00  unopened=[]  ['medlab_others']
yellow/3/3 z=160  open=1 max|dx|=0.18  unopened=[]  ['coolant_gallery']
yellow/1/4 z=1200  open=1 max|dx|=0.00  unopened=[]  ['generator_hall']
yellow/1/5 z=2600  open=1 max|dx|=0.00  unopened=[]  ['comms_operations']
blue/1/4 z=7120  open=1 max|dx|=0.00  unopened=[]  ['gunnery_control']
TOTAL 129 rooms opened, 0 unopened, 96 clusters
