{
 "out": "/home/user/wt-firstrun/station/generated/scene/deck/blue_0_0_z7440.glb",
 "meshes": 235,
 "triangles": 484440,
 "size_mb": 40.85,
 "groups": [
  "accent_warning",
  "arrival_concourse__customs_bollard",
  "arrival_concourse__customs_bracket",
  "arrival_concourse__customs_ceiling_lamp",
  "arrival_concourse__customs_conduit",
  "arrival_concourse__customs_cornice",
  "arrival_concourse__customs_dado",
  "arrival_concourse__customs_deck",
  "arrival_concourse__customs_deck_joint",
  "arrival_concourse__customs_endwall",
  "arrival_concourse__customs_hanger",
  "arrival_concourse__customs_light_strip",
  "arrival_concourse__customs_mullion",
  "arrival_concourse__customs_mullion_inset",
  "arrival_concourse__customs_panel",
  "arrival_concourse__customs_panel_coffer",
  "arrival_concourse__customs_panel_notice",
  "arrival_concourse__customs_panel_pier",
  "arrival_concourse__customs_rail",
  "arrival_concourse__customs_screen_head",
  "arrival_concourse__customs_screen_schematic",
  "arrival_concourse__customs_screen_schematic_line",
  "arrival_concourse__customs_screen_welcome",
  "arrival_concourse__customs_skirt",
  "arrival_concourse__customs_soffit",
  "arrival_concourse__customs_wall",
  "arrival_concourse__customs_wall_arch",
  "arrival_concourse__customs_wall_gate",
  "arrival_concourse__dress_clutter",
  "arrival_concourse__dress_conduit",
  "arrival_concourse__dress_crate",
  "arrival_concourse__dress_mp_dress_screen",
  "arrival_concourse__dress_mp_hazard_frame",
  "arrival_concourse__dress_mp_plant_catwalk",
  "arrival_concourse__dress_mp_plant_conduit",
  "arrival_concourse__dress_mp_plant_frame",
  "arrival_concourse__dress_mp_prop_locker",
  "arrival_concourse__dress_mp_prop_tank_gauge",
  "arrival_concourse__dress_top",
  "arrival_concourse__dress_wallbox",
  "arrival_concourse__light_indicator_red",
  "arrival_concourse__prop_babcom_terminal",
  "arrival_concourse__prop_mp_dress_screen",
  "arrival_concourse__prop_mp_plant_frame",
  "arrival_concourse__prop_mp_prop_locker",
  "arrival_concourse__prop_station_schematic_screen",
  "arrival_concourse__prop_welcome_board",
  "arrival_concourse__sign_face",
  "arrival_concourse__sign_field",
  "arrival_concourse__sign_frame",
  "arrival_concourse__sign_post",
  "arrival_concourse__sign_text",
  "arrival_concourse__sign_text_head",
  "bulkhead",
  "ceiling_slab",
  "customs_north__baggage_scanner",
  "customs_north__customs_bracket",
  "customs_north__customs_ceiling_lamp",
  "customs_north__customs_conduit",
  "customs_north__customs_cornice",
  "customs_north__customs_dado",
  "customs_north__customs_deck",
  "customs_north__customs_deck_joint",
  "customs_north__customs_desk",
  "customs_north__customs_endwall",
  "customs_north__customs_hanger",
  "customs_north__customs_light_strip",
  "customs_north__customs_mullion",
  "customs_north__customs_mullion_inset",
  "customs_north__customs_panel",
  "customs_north__customs_panel_atmo",
  "customs_north__customs_panel_coffer",
  "customs_north__customs_panel_notice",
  "customs_north__customs_panel_pier",
  "customs_north__customs_rail",
  "customs_north__customs_screen_desk",
  "customs_north__customs_screen_head",
  "customs_north__customs_screen_reader",
  "customs_north__customs_screen_schematic",
  "customs_north__customs_screen_schematic_line",
  "customs_north__customs_screen_welcome",
  "customs_north__customs_skirt",
  "customs_north__customs_soffit",
  "customs_north__customs_wall",
  "customs_north__customs_wall_arch",
  "customs_north__customs_wall_gate",
  "customs_north__dress_clutter",
  "customs_north__dress_conduit",
  "customs_north__dress_crate",
  "customs_north__dress_mp_dress_screen",
  "customs_north__dress_mp_hazard_frame",
  "customs_north__dress_mp_plant_catwalk",
  "customs_north__dress_mp_plant_conduit",
  "customs_north__dress_mp_plant_frame",
  "customs_north__dress_mp_prop_locker",
  "customs_north__dress_mp_prop_tank_gauge",
  "customs_north__dress_top",
  "customs_north__dress_wallbox",
  "customs_north__fix_mp_dress_screen",
  "customs_north__fix_mp_plant_catwalk",
  "customs_north__fix_mp_plant_conduit",
  "customs_north__fix_mp_plant_frame",
  "customs_north__fix_mp_plant_rail",
  "customs_north__fix_mp_prop_locker",
  "customs_north__fix_partition_screen",
  "customs_north__light_ceiling_batten",
  "customs_north__light_indicator_red",
  "customs_north__prop_atmosphere_status_lamp",
  "customs_north__prop_babcom_terminal",
  "customs_north__prop_baggage_scanner_table",
  "customs_north__prop_barred_screen",
  "customs_north__prop_barrier_bar",
  "customs_north__prop_barrier_post",
  "customs_north__prop_barrier_rail",
  "customs_north__prop_barrier_wicket",
  "customs_north__prop_bench",
  "customs_north__prop_breather_dispenser",
  "customs_north__prop_identicard_reader",
  "customs_north__prop_info_board",
  "customs_north__prop_locker",
  "customs_north__prop_mp_dress_screen",
  "customs_north__prop_mp_plant_frame",
  "customs_north__prop_mp_prop_locker",
  "customs_north__sign_face",
  "customs_north__sign_field",
  "customs_north__sign_frame",
  "customs_north__sign_post",
  "customs_north__sign_text",
  "customs_north__sign_text_head",
  "customs_south__customs_bracket",
  "customs_south__customs_ceiling_lamp",
  "customs_south__customs_conduit",
  "customs_south__customs_cornice",
  "customs_south__customs_dado",
  "customs_south__customs_deck",
  "customs_south__customs_deck_joint",
  "customs_south__customs_desk",
  "customs_south__customs_endwall",
  "customs_south__customs_hanger",
  "customs_south__customs_light_strip",
  "customs_south__customs_mullion",
  "customs_south__customs_mullion_inset",
  "customs_south__customs_panel",
  "customs_south__customs_panel_coffer",
  "customs_south__customs_panel_notice",
  "customs_south__customs_panel_pier",
  "customs_south__customs_rail",
  "customs_south__customs_screen_desk",
  "customs_south__customs_screen_head",
  "customs_south__customs_screen_reader",
  "customs_south__customs_screen_schematic",
  "customs_south__customs_screen_schematic_line",
  "customs_south__customs_screen_welcome",
  "customs_south__customs_skirt",
  "customs_south__customs_soffit",
  "customs_south__customs_wall",
  "customs_south__customs_wall_arch",
  "customs_south__customs_wall_gate",
  "customs_south__dress_clutter",
  "customs_south__dress_conduit",
  "customs_south__dress_crate",
  "customs_south__dress_mp_dress_screen",
  "customs_south__dress_mp_hazard_frame",
  "customs_south__dress_mp_plant_catwalk",
  "customs_south__dress_mp_plant_conduit",
  "customs_south__dress_mp_plant_frame",
  "customs_south__dress_mp_prop_locker",
  "customs_south__dress_mp_prop_tank_gauge",
  "customs_south__dress_top",
  "customs_south__dress_wallbox",
  "customs_south__fix_mp_dress_screen",
  "customs_south__fix_mp_plant_catwalk",
  "customs_south__fix_mp_plant_conduit",
  "customs_south__fix_mp_plant_frame",
  "customs_south__fix_mp_plant_rail",
  "customs_south__fix_mp_prop_locker",
  "customs_south__fix_partition_screen",
  "customs_south__light_ceiling_batten",
  "customs_south__light_indicator_red",
  "customs_south__prop_barrier_bar",
  "customs_south__prop_barrier_post",
  "customs_south__prop_barrier_rail",
  "customs_south__prop_barrier_wicket",
  "customs_south__prop_identicard_reader",
  "customs_south__prop_info_board",
  "customs_south__prop_mp_dress_screen",
  "customs_south__prop_mp_plant_frame",
  "customs_south__prop_mp_prop_locker",
  "customs_south__sign_face",
  "customs_south__sign_field",
  "customs_south__sign_frame",
  "customs_south__sign_post",
  "customs_south__sign_text",
  "customs_south__sign_text_head",
  "deck_grid",
  "deck_panel",
  "door_frame",
  "doorleaf_arrival_concourse_0",
  "doorleaf_arrival_concourse_1",
  "doorleaf_customs_north_0",
  "doorleaf_customs_north_1",
  "doorleaf_customs_south_0",
  "doorleaf_customs_south_1",
  "dress_cabinet",
  "dress_conduit",
  "dress_duct",
  "dress_gantry",
  "dress_kerb",
  "dress_metal",
  "dress_mp_dress_screen",
  "dress_mp_hazard_frame",
  "dress_mp_plant_conduit",
  "dress_mp_plant_frame",
  "dress_mp_plant_rail",
  "dress_mp_prop_locker",
  "dress_mp_prop_tank_gauge",
  "dress_post",
  "dress_seat",
  "dress_wallbox",
  "dress_wallpanel",
  "fix_service_riser",
  "light_deck_channel",
  "light_downlight",
  "light_indicator_red",
  "light_pilaster_strip",
  "light_portal_head",
  "pilaster",
  "portal_frame",
  "rail_band",
  "sign_frame",
  "sign_text",
  "skirt",
  "soffit",
  "wall_panel",
  "wall_reveal"
 ]
}
{
 "out": "/home/user/wt-firstrun/station/generated/scene/deck/blue_0_0_z7440_col.glb",
 "meshes": 4,
 "triangles": 4460,
 "size_mb": 0.38,
 "groups": [
  "collision",
  "doorpanel_arrival_concourse",
  "doorpanel_customs_north",
  "doorpanel_customs_south"
 ]
}
  stem            blue_0_0_z7440
  glb             /home/user/wt-firstrun/station/generated/scene/deck/blue_0_0_z7440.glb
  collision       /home/user/wt-firstrun/station/generated/scene/deck/blue_0_0_z7440_col.glb
  interact        /home/user/wt-firstrun/station/generated/scene/deck/blue_0_0_z7440_interact.json
  arrival         /home/user/wt-firstrun/station/generated/scene/deck/blue_0_0_z7440_arrival.json
  spawn_at        customs_north
  spawn           [162.0015467419152, 135.93543812128993, 7478.6050000000005]
  rooms           ['customs_north', 'arrival_concourse', 'customs_south']
  tris            484440
  collision_tris  4460
