Godot Engine v4.4.stable.custom_build.4c311cbee (2025-03-02 23:31:23 UTC) - https://godotengine.org
Vulkan 1.4.318 - Forward+ - Using Device #0: Unknown - llvmpipe (LLVM 20.1.2, 256 bits)
libpulse.so.0: cannot open shared object file: No such file or directory
libpulse.so.0: cannot open shared object file: No such file or directory
ALSA lib confmisc.c:855:(parse_card) cannot find card '0'
ALSA lib conf.c:5204:(_snd_config_evaluate) function snd_func_card_inum returned error: No such file or directory
ALSA lib confmisc.c:422:(snd_func_concat) error evaluating strings
ALSA lib conf.c:5204:(_snd_config_evaluate) function snd_func_concat returned error: No such file or directory
ALSA lib confmisc.c:1342:(snd_func_refer) error evaluating name
ALSA lib conf.c:5204:(_snd_config_evaluate) function snd_func_refer returned error: No such file or directory
ALSA lib conf.c:5727:(snd_config_expand) Evaluate error: No such file or directory
ALSA lib pcm.c:2721:(snd_pcm_open_noupdate) Unknown PCM default
ERROR: Condition "status < 0" is true. Returning: ERR_CANT_OPEN
   at: init_output_device (drivers/alsa/audio_driver_alsa.cpp:90)
WARNING: All audio drivers failed, falling back to the dummy driver.
     at: initialize (servers/audio_server.cpp:246)

main: deck blue_0_0_z7440, spawn -44.75,206.69,7478.24 in corridor, 3 rooms
menu: title screen -- 4 entries, 3 playable
menu:   new_game       NEW GAME                           ready
menu:   continue_game  CONTINUE                           unavailable -- No saved station.
menu:   station        WALK THE STATION                   ready
menu:   quit           QUIT                               ready
