Godot Engine v4.4.stable.custom_build.4c311cbee (2025-03-02 23:31:23 UTC) - https://godotengine.org

main: deck blue_0_0_z7440, spawn -44.75,206.69,7478.24 in corridor, 3 rooms
menu: title screen -- 4 entries, 3 playable
menu:   new_game       NEW GAME                           ready
menu:   continue_game  CONTINUE                           unavailable -- No saved station.
menu:   station        WALK THE STATION                   ready
menu:   quit           QUIT                               ready
menu: chose new_game -> mode=arrival
main: front door -> new_game (mode=arrival)
main: Babylon 5 -- mode=arrival, boot from /home/user/stranger/Babylon5/station/generated/scene/boot.json
main: the arrival sidecar names 4 path(s) from the machine that generated it -- rebased onto /home/user/stranger/Babylon5, written to /root/.local/share/godot/app_userdata/Babylon 5/arrival_rebased.json
walk: cast of 83 -- 83 instanced occupant(s) with a timetable, 0 baked into the deck mesh
ERROR: walk: dress FAILED -- no such file: ../tools/export_scene.py
   at: push_error (core/variant/variant_utility.cpp:1098)
dress: FAILED -- no such file: ../tools/export_scene.py
dress: 235/235 meshes MATERIALLED, 0 group(s) on the glTF fallback
dress: 0 light sources at energy 3.00 from {  }, 0 casting shadows
walk: 4 collision meshes (proxy), 235 visual meshes (no collision)
walk: 3 doors wired
walk: 0 people wired of 0 in the cast list
ERROR: walk: could not load any crowd library
   at: push_error (core/variant/variant_utility.cpp:1098)
ERROR: walk: could not load any crowd library
   at: push_error (core/variant/variant_utility.cpp:1098)
walk: 83 room occupant(s) have a timetable and NO shared body library -- they cannot be drawn
walk: gravity -- NO SPIN STATED -- no deck_table row for blue ring 0 deck 0, so the body keeps mode=drum at 9.8100 m/s2
interact: no ledger at ../station/generated/economy.json -- nothing can be bought
enforcement: no ../station/generated/scene/enforcement.json -- a refusal will be reported and nothing will follow it. Run `python3 station/enforcement.py --bake`
walk: 17 interactables wired, 16 pressable (operate:5/read:6/serve:2/sit:1/store:2/tread:1)
hud: 98 checkpoints wired
arrival: Michael Chowdhury -- human aboard Transport Cousteau, bay 7B, customs_north area 4
arrival: Transport Cousteau arriving from EARTH is now docking in bay 7B. Passengers will disembark through customs area 4.
arrival: 6 of 11 steps are on this build; 5 are on another cluster or have no mesh here (berth:no mesh in this build, disembark:no mesh in this build, transit:no mesh in this build, door:no mesh in this build, bunk:no mesh in this build)
arrival: step 0 queue -> customs_north__prop_info_board in customs_north  room 159.2,133.7,7460.2  obj 166.1,128.6,7444.1
arrival: step 1 present -> customs_north__prop_identicard_reader in customs_north  room 159.2,133.7,7460.2  obj 161.1,135.2,7446.2
arrival: step 2 scan -> customs_north__baggage_scanner in customs_north  room 159.2,133.7,7460.2  obj 161.1,135.2,7452.0
arrival: step 3 desk -> customs_north__customs_desk in customs_north  room 159.2,133.7,7460.2  obj 161.5,135.5,7445.9
arrival: step 4 welcome -> arrival_concourse__prop_welcome_board in arrival_concourse  room 133.3,159.5,7460.2  obj 142.1,154.7,7446.6
arrival: step 5 orient -> arrival_concourse__prop_station_schematic_screen in arrival_concourse  room 133.3,159.5,7460.2  obj 142.0,154.6,7444.4
life: navgraph 179 nodes, 249 edges
life: clock started at 13.00 EMT, 0.017 station hours per real second; 0 of 83 residents bound (streamed: the cast in the 0 resident cell(s); rebound as cells arrive)
ambience: 13/13 streams, 128 places, master trim 8.33 dB
ambience: bound 3 places, 7 emitters (cap 24)
collapse: 0 bodies scheduled today on this deck, 0 still to come after 13.00
ragdoll: director ready, bodies from /home/user/stranger/Babylon5/station/generated/scene/npc, controls -
journal: 8 kinds, 8 ledgers, 62 timed calls audible on this deck (journal.json); hash ok; clock=true life=true
MENUGATE want=new_game entries=[new_game=ready, continue_game=no, station=ready, quit=ready] selected=true fired=new_game world=Arrival player=true card=true who=Michael_Chowdhury identicard_fields=9 verdict=PASS
hud: CUSTOMS NORTH blue/0/0 hdg=0 ring=40.0 r=211.5 prompt=- credits=- carrying=- seated=- eye_m=1.70
WARNING: ObjectDB instances leaked at exit (run with --verbose for details).
     at: cleanup (core/object/object.cpp:2378)
ERROR: 1 resources still in use at exit (run with --verbose for details).
   at: clear (core/io/resource.cpp:614)
