Godot Engine v4.4.stable.custom_build.4c311cbee (2025-03-02 23:31:23 UTC) - https://godotengine.org

main: deck blue_0_0_z7440, spawn -44.75,206.69,7478.24 in corridor, 3 rooms
main: Babylon 5 -- mode=station, boot from /home/user/wt-firstrun/station/generated/scene/boot.json
main: MONOLITHIC -- no cell set for blue_0_0_z7440 -- run `python3 station/boot.py --bake`. Run `python3 station/boot.py --bake`.
walk: cast of 83 -- 83 instanced occupant(s) with a timetable, 0 baked into the deck mesh
dress: 235/235 meshes MATERIALLED, 0 group(s) on the glTF fallback
dress: 663 light sources at energy 3.00 from { "customs_light_strip": 27, "light_ceiling_batten": 24, "light_downlight": 489 }, 2 casting shadows
dress: emissive-only (measured, not missing): arrival_concourse__light_indicator_red, customs_north__light_indicator_red, customs_south__light_indicator_red, light_deck_channel, light_indicator_red, light_pilaster_strip, light_portal_head
dress: sampled as extended fittings: customs_light_strip
walk: 4 collision meshes (proxy), 235 visual meshes (no collision)
walk: 3 doors wired
walk: 0 people wired of 0 in the cast list
ERROR: walk: could not load any crowd library
   at: push_error (core/variant/variant_utility.cpp:1098)
ERROR: walk: could not load any crowd library
   at: push_error (core/variant/variant_utility.cpp:1098)
walk: 83 room occupant(s) have a timetable and NO shared body library -- they cannot be drawn
walk: gravity -- omega2=0.03523997 rad2/s2 from cell_manifest deck_table[blue.ring_1.d0]: floor_g 0.7602 at r=211.55 m, period 33.470 s
interact: purse player:downbelow (ALLAN, ANNA, no_status) 420.71 cr, carrying 2/8
enforcement: no /home/user/wt-firstrun/station/generated/scene/enforcement.json -- a refusal will be reported and nothing will follow it. Run `python3 station/enforcement.py --bake`
walk: 17 interactables wired, 16 pressable (operate:5/read:6/serve:2/sit:1/store:2/tread:1)
hud: purse player:downbelow (ALLAN, ANNA, no_status) 420.71 cr, 171.33 earned, carrying identicard, kit_bag
hud: 98 checkpoints wired
life: navgraph 179 nodes, 249 edges
life: clock started at 13.00 EMT, 0.017 station hours per real second; 0 of 83 residents bound (streamed: the cast in the 0 resident cell(s); rebound as cells arrive)
ambience: 13/13 streams, 128 places, master trim 8.33 dB
ambience: bound 3 places, 7 emitters (cap 24)
collapse: 0 bodies scheduled today on this deck, 0 still to come after 13.00
ragdoll: director ready, bodies from /home/user/wt-firstrun/station/generated/scene/npc, controls -
journal: 8 kinds, 8 ledgers, 62 timed calls audible on this deck (journal.json); hash ok; clock=true life=true
npc: occupants following the station clock at /root/Main/Life
hud: CORRIDOR(near ARRIVAL CONCOURSE 170.3m) blue/0/0 hdg=0 ring=102.2 r=211.5 prompt=- credits=420.71 carrying=identicard,kit_bag seated=- eye_m=1.70
hud: CORRIDOR(near ARRIVAL CONCOURSE 170.3m) blue/0/0 hdg=0 ring=102.2 r=211.5 prompt=- credits=420.71 carrying=identicard,kit_bag seated=- eye_m=1.70
AMBIENCE place=central_corridor hour=13.05 layers=4 emitters=7 pa=- [air:air_duct -58.9, crowd:crowd_babble -42.0, machinery:dock_machinery -60.8, structure:structure_hull -77.7]
COLDSTART scene=res://scenes/main.tscn mode=station player=1 on_floor=true drop_m=0.048 hud=1 hud_place=corridor h0=13.03 h1=13.05 clock_advanced=true day=0 bodies=0 present_0300=-1 present_1300=-1 audio_layers=4 audio_place=central_corridor audio_ready_s=0.00 audio_why=- cells=0 cell_resident=0 boot_s=5.3
WARNING: ObjectDB instances leaked at exit (run with --verbose for details).
     at: cleanup (core/object/object.cpp:2378)
ERROR: 1 resources still in use at exit (run with --verbose for details).
   at: clear (core/io/resource.cpp:614)
