bespoke places: 40
  done cnc
  done obs_dome_1
  done customs_north
  done customs_south
  done arrival_concourse
  docking_bays                 SKIP KeyError: "docking_bays: docking_bay has no declared near end. near en
  done qtr_command
  done qtr_personnel
  done zocalo
  done bar_unnamed
  done qtr_civilian
  done qtr_transient
  done council_chamber
  done ambassadorial_suites
  done alien_sector
  done kosh_quarters
  done plant_zone
  done downbelow
  done obs_dome_2
  cobra_bays                   SKIP KeyError: "cobra_bays: components.py owns this place and no place-leve
  mooring_clamps               SKIP KeyError: "mooring_clamps: components.py owns this place and no place-
  proximity_arrays             SKIP KeyError: "proximity_arrays: components.py owns this place and no plac
  nav_beacon                   SKIP KeyError: "nav_beacon: components.py owns this place and no place-leve
  comms_grid                   SKIP KeyError: "comms_grid: components.py owns this place and no place-leve
  done eclipse_cafe
  done shops_kiosks
  done central_corridor
  done league_delegations
  done obs_rotundas
  done downbelow_arch
  done water_reclamation
  done air_compressors
  power_transfer               SKIP KeyError: "power_transfer: components.py owns this place and no place-
  done core_shuttle
  done alien_resident_qtr
  done earharts
  done fresh_air
  done happy_daze
  done shuttle_car
  standard_corridor            SKIP KeyError: "standard_corridor: interior_kit.py owns this place and no p
place                       shell_w   mesh_w     w%    shell_l   mesh_l     l%     sh_h  msh_h
ambassadorial_suites         10.490  100.810  10.4%     90.000   90.000 100.0%     3.40   3.04  SHORT
alien_resident_qtr           11.082  103.526  10.7%     90.000   90.000 100.0%     2.70   3.04  SHORT
qtr_personnel                10.544   95.224  11.1%     90.000   90.000 100.0%     2.70   3.04  SHORT
qtr_civilian                 11.046   90.073  12.3%    120.000  120.000 100.0%     2.70   3.04  SHORT
qtr_command                  11.630   72.828  16.0%     60.000   60.000 100.0%     2.70   3.04  SHORT
qtr_transient                11.656   69.679  16.7%     80.000   80.000 100.0%     2.70   3.04  SHORT
league_delegations           11.390   50.141  22.7%     40.000   40.000 100.0%     3.40   3.04  SHORT
council_chamber              11.808   22.745  51.9%     22.751   22.751 100.0%     3.60   7.42  SHORT
arrival_concourse            11.077   20.900  53.0%     34.250   34.250 100.0%     3.60   7.65  SHORT
zocalo                       12.793   22.040  58.0%     67.430   67.430 100.0%     3.60   7.48  SHORT
obs_rotundas                  8.434   14.360  58.7%     17.940   17.940 100.0%     3.60   7.40  SHORT
core_shuttle                  5.771    9.610  60.1%     47.960   47.960 100.0%     3.40   8.68  SHORT
shops_kiosks                 14.045   22.040  63.7%     67.430   67.430 100.0%     3.40   7.48  SHORT
obs_dome_1                    8.319   12.965  64.2%     16.545   16.545 100.0%     3.50   8.76  SHORT
alien_sector                  9.679   14.110  68.6%    120.265  120.265 100.0%     2.60   3.80  SHORT
customs_north                12.307   17.500  70.3%     34.250   34.250 100.0%     3.50   7.65  SHORT
customs_south                12.307   17.500  70.3%     34.250   34.250 100.0%     3.50   7.65  SHORT
central_corridor              6.978    9.360  74.6%    120.550  120.550 100.0%     3.55   7.58  SHORT
cnc                          11.519   14.328  80.4%     13.050   13.050 100.0%     3.45   9.90  SHORT
kosh_quarters                10.217   10.657  95.9%     12.220   12.220 100.0%     2.60   3.80
earharts                     12.300   12.620  97.5%     16.320   16.320 100.0%     3.40   3.18
fresh_air                    12.300   12.620  97.5%     16.320   16.320 100.0%     3.10   3.18
happy_daze                   13.289   13.609  97.6%     14.320   14.320 100.0%     3.40   3.18
bar_unnamed                  18.396   18.716  98.3%     14.620   14.620 100.0%     3.40   3.18
eclipse_cafe                 18.396   18.716  98.3%     14.620   14.620 100.0%     3.10   3.18
downbelow_arch               10.802   10.844  99.6%    300.000  300.000 100.0%     3.40  23.57
water_reclamation            13.867   13.916  99.7%    200.000  200.000 100.0%     6.20  20.31
plant_zone                   13.727   13.773  99.7%    442.000  442.000 100.0%     8.20  21.27
downbelow                    13.128   13.171  99.7%    442.000  442.000 100.0%     2.70  20.71
air_compressors              10.014   10.017 100.0%    120.000  120.000 100.0%     6.40  18.14
obs_dome_2                    9.599    8.763 109.5%     12.343   12.343 100.0%     3.60   6.95
shuttle_car                   6.397    4.780 133.8%     62.000   62.000 100.0%     3.40   4.23

19 of 32 bespoke places: collision shell under 95% of its own mesh width
